
> sportsgradehub@0.0.0 build
> tsc -b && vite build

src/components/OnboardingTour.tsx(66,15): error TS6133: 'hasCompletedTour' is declared but its value is never read.
src/pages/Exercises.tsx(3,29): error TS6133: 'CardDescription' is declared but its value is never read.
src/pages/Exercises.tsx(707,26): error TS18048: 'ex.evaluationType' is possibly 'undefined'.
src/pages/Exercises.tsx(709,33): error TS2339: Property 'requiresGender' does not exist on type 'Exercise'.
src/pages/Exercises.tsx(841,32): error TS18048: 'ex.evaluationType' is possibly 'undefined'.
src/pages/Exercises.tsx(843,39): error TS2339: Property 'requiresGender' does not exist on type 'Exercise'.
src/pages/Exercises.tsx(1090,93): error TS2345: Argument of type 'number | ""' is not assignable to parameter of type 'number'.
  Type 'string' is not assignable to type 'number'.
